// Jest Snapshot v1, https://goo.gl/fbAQLP

exports[`<About /> renders correctly 1`] = `
<DocumentFragment>
  <div
    class="about"
  >
    <div
      class="about__popup"
    >
      <h1>
        React Photo Grid
      </h1>
      <p>
        <a
          href="https://reactjs.org"
          rel="noopener noreferrer"
          target="_blank"
        >
          React.js
        </a>
         practise by 
        <a
          href="https://github.com/nhantdn"
          rel="noopener noreferrer"
          target="_blank"
        >
          Nhan
        </a>
      </p>
      <p>
        <a
          href="https://www.netlify.com"
          rel="noopener noreferrer"
          target="_blank"
        >
          <img
            alt="Deploys by Netlify"
            src="https://www.netlify.com/img/global/badges/netlify-dark.svg"
          />
        </a>
      </p>
      <button
        class="about__close"
        type="button"
      >
        Close
      </button>
    </div>
  </div>
</DocumentFragment>
`;
